> Task :gradle-plugin:settings-plugin:checkKotlinGradlePluginConfigurationErrors
> Task :gradle-plugin:shared:checkKotlinGradlePluginConfigurationErrors
> Task :gradle-plugin:shared:compileKotlin UP-TO-DATE
> Task :gradle-plugin:shared:compileJava NO-SOURCE
> Task :gradle-plugin:shared:processResources NO-SOURCE
> Task :gradle-plugin:shared:classes UP-TO-DATE
> Task :gradle-plugin:shared:jar UP-TO-DATE
> Task :gradle-plugin:settings-plugin:compileKotlin UP-TO-DATE
> Task :gradle-plugin:settings-plugin:compileJava NO-SOURCE
> Task :gradle-plugin:settings-plugin:pluginDescriptors UP-TO-DATE
> Task :gradle-plugin:settings-plugin:processResources UP-TO-DATE
> Task :gradle-plugin:settings-plugin:classes UP-TO-DATE
> Task :gradle-plugin:settings-plugin:jar UP-TO-DATE
> Task :gradle-plugin:react-native-gradle-plugin:checkKotlinGradlePluginConfigurationErrors
> Task :gradle-plugin:react-native-gradle-plugin:compileKotlin UP-TO-DATE
> Task :gradle-plugin:react-native-gradle-plugin:compileJava NO-SOURCE
> Task :gradle-plugin:react-native-gradle-plugin:pluginDescriptors UP-TO-DATE
> Task :gradle-plugin:react-native-gradle-plugin:processResources UP-TO-DATE
> Task :gradle-plugin:react-native-gradle-plugin:classes UP-TO-DATE
> Task :gradle-plugin:react-native-gradle-plugin:jar UP-TO-DATE

> Configure project :expo

Using expo modules
  - [32mexpo-application[0m (6.0.2)
  - [32mexpo-asset[0m (11.0.5)
  - [32mexpo-av[0m (15.0.2)
  - [32mexpo-camera[0m (16.0.18)
  - [32mexpo-constants[0m (17.0.8)
  - [32mexpo-device[0m (7.0.3)
  - [32mexpo-file-system[0m (18.0.12)
  - [32mexpo-font[0m (13.0.4)
  - [32mexpo-image-loader[0m (5.0.0)
  - [32mexpo-image-manipulator[0m (13.0.6)
  - [32mexpo-image-picker[0m (16.0.6)
  - [32mexpo-keep-awake[0m (14.0.3)
  - [32mexpo-linear-gradient[0m (14.0.2)
  - [32mexpo-linking[0m (7.0.5)
  - [32mexpo-media-library[0m (17.0.6)
  - [32mexpo-modules-core[0m (2.2.3)
  - [32mexpo-notifications[0m (0.29.14)
  - [32mexpo-print[0m (14.0.3)
  - [32mexpo-sharing[0m (13.0.1)
  - [32mexpo-splash-screen[0m (0.29.24)
  - [32mexpo-system-ui[0m (4.0.9)
  - [32mexpo-web-browser[0m (14.0.2)


> Configure project :react-native-reanimated
Android gradle plugin: 8.6.0
Gradle: 8.10.2

> Task :app:generateAutolinkingNewArchitectureFiles UP-TO-DATE
> Task :app:generateAutolinkingPackageList UP-TO-DATE
> Task :app:generateCodegenSchemaFromJavaScript SKIPPED
> Task :app:generateCodegenArtifactsFromSchema SKIPPED
> Task :app:preBuild UP-TO-DATE
> Task :app:preDebugBuild UP-TO-DATE
> Task :app:mergeDebugNativeDebugMetadata NO-SOURCE
> Task :app:checkKotlinGradlePluginConfigurationErrors
> Task :app:generateDebugBuildConfig UP-TO-DATE
> Task :expo:generateExpoModulesPackageListTask UP-TO-DATE
> Task :expo:preBuild UP-TO-DATE
> Task :expo:preDebugBuild UP-TO-DATE
> Task :expo:writeDebugAarMetadata UP-TO-DATE
> Task :expo-application:preBuild UP-TO-DATE
> Task :expo-application:preDebugBuild UP-TO-DATE
> Task :expo-application:writeDebugAarMetadata UP-TO-DATE
> Task :expo-asset:preBuild UP-TO-DATE
> Task :expo-asset:preDebugBuild UP-TO-DATE
> Task :expo-asset:writeDebugAarMetadata UP-TO-DATE
> Task :expo-av:preBuild UP-TO-DATE
> Task :expo-av:preDebugBuild UP-TO-DATE
> Task :expo-av:writeDebugAarMetadata UP-TO-DATE
> Task :expo-camera:preBuild UP-TO-DATE
> Task :expo-camera:preDebugBuild UP-TO-DATE
> Task :expo-camera:writeDebugAarMetadata UP-TO-DATE

./gradlew.bat : The NODE_ENV environment variable is required 
but was not specified. Ensure the project is bundled with Expo 
CLI or NODE_ENV is set.
At line:1 char:1
+ ./gradlew.bat build 2>&1 | Tee-Object -FilePath 
"C:\Projects\NyomApp- ...
+ ~~~~~~~~~~~~~~~~~~~~~~~~
    + CategoryInfo          : NotSpecified: (The NODE_ENV en... 
   ODE_ENV is set.:String) [], RemoteException
    + FullyQualifiedErrorId : NativeCommandError
 
Proceeding without mode-specific .env
> Task :expo-constants:createExpoConfig

> Task :expo-constants:preBuild
> Task :expo-constants:preDebugBuild
> Task :expo-constants:writeDebugAarMetadata UP-TO-DATE
> Task :expo-device:preBuild UP-TO-DATE
> Task :expo-device:preDebugBuild UP-TO-DATE
> Task :expo-device:writeDebugAarMetadata UP-TO-DATE
> Task :expo-file-system:preBuild UP-TO-DATE
> Task :expo-file-system:preDebugBuild UP-TO-DATE
> Task :expo-file-system:writeDebugAarMetadata UP-TO-DATE
> Task :expo-font:preBuild UP-TO-DATE
> Task :expo-font:preDebugBuild UP-TO-DATE
> Task :expo-font:writeDebugAarMetadata UP-TO-DATE
> Task :expo-image-loader:preBuild UP-TO-DATE
> Task :expo-image-loader:preDebugBuild UP-TO-DATE
> Task :expo-image-loader:writeDebugAarMetadata UP-TO-DATE
> Task :expo-image-manipulator:preBuild UP-TO-DATE
> Task :expo-image-manipulator:preDebugBuild UP-TO-DATE
> Task :expo-image-manipulator:writeDebugAarMetadata UP-TO-DATE
> Task :expo-image-picker:preBuild UP-TO-DATE
> Task :expo-image-picker:preDebugBuild UP-TO-DATE
> Task :expo-image-picker:writeDebugAarMetadata UP-TO-DATE
> Task :expo-keep-awake:preBuild UP-TO-DATE
> Task :expo-keep-awake:preDebugBuild UP-TO-DATE
> Task :expo-keep-awake:writeDebugAarMetadata UP-TO-DATE
> Task :expo-linear-gradient:preBuild UP-TO-DATE
> Task :expo-linear-gradient:preDebugBuild UP-TO-DATE
> Task :expo-linear-gradient:writeDebugAarMetadata UP-TO-DATE
> Task :expo-linking:preBuild UP-TO-DATE
> Task :expo-linking:preDebugBuild UP-TO-DATE
> Task :expo-linking:writeDebugAarMetadata UP-TO-DATE
> Task :expo-media-library:preBuild UP-TO-DATE
> Task :expo-media-library:preDebugBuild UP-TO-DATE
> Task :expo-media-library:writeDebugAarMetadata UP-TO-DATE
> Task :expo-modules-core:preBuild UP-TO-DATE
> Task :expo-modules-core:preDebugBuild UP-TO-DATE
> Task :expo-modules-core:writeDebugAarMetadata UP-TO-DATE
> Task :expo-notifications:preBuild UP-TO-DATE
> Task :expo-notifications:preDebugBuild UP-TO-DATE
> Task :expo-notifications:writeDebugAarMetadata UP-TO-DATE
> Task :expo-print:preBuild UP-TO-DATE
> Task :expo-print:preDebugBuild UP-TO-DATE
> Task :expo-print:writeDebugAarMetadata UP-TO-DATE
> Task :expo-sharing:preBuild UP-TO-DATE
> Task :expo-sharing:preDebugBuild UP-TO-DATE
> Task :expo-sharing:writeDebugAarMetadata UP-TO-DATE
> Task :expo-splash-screen:preBuild UP-TO-DATE
> Task :expo-splash-screen:preDebugBuild UP-TO-DATE
> Task :expo-splash-screen:writeDebugAarMetadata UP-TO-DATE
> Task :expo-system-ui:preBuild UP-TO-DATE
> Task :expo-system-ui:preDebugBuild UP-TO-DATE
> Task :expo-system-ui:writeDebugAarMetadata UP-TO-DATE
> Task :expo-web-browser:preBuild UP-TO-DATE
> Task :expo-web-browser:preDebugBuild UP-TO-DATE
> Task :expo-web-browser:writeDebugAarMetadata UP-TO-DATE
> Task :react-native-async-storage_async-storage:generateCodegenSchemaFromJavaScript UP-TO-DATE
> Task :react-native-async-storage_async-storage:generateCodegenArtifactsFromSchema UP-TO-DATE
> Task :react-native-async-storage_async-storage:preBuild UP-TO-DATE
> Task :react-native-async-storage_async-storage:preDebugBuild UP-TO-DATE
> Task :react-native-async-storage_async-storage:writeDebugAarMetadata UP-TO-DATE
> Task :react-native-gesture-handler:generateCodegenSchemaFromJavaScript UP-TO-DATE
> Task :react-native-gesture-handler:generateCodegenArtifactsFromSchema UP-TO-DATE
> Task :react-native-gesture-handler:preBuild UP-TO-DATE
> Task :react-native-gesture-handler:preDebugBuild UP-TO-DATE
> Task :react-native-gesture-handler:writeDebugAarMetadata UP-TO-DATE
> Task :react-native-pdf:generateCodegenSchemaFromJavaScript UP-TO-DATE
> Task :react-native-pdf:generateCodegenArtifactsFromSchema UP-TO-DATE
> Task :react-native-pdf:preBuild UP-TO-DATE
> Task :react-native-pdf:preDebugBuild UP-TO-DATE
> Task :react-native-pdf:writeDebugAarMetadata UP-TO-DATE
> Task :react-native-reanimated:assertLatestReactNativeWithNewArchitectureTask SKIPPED
> Task :react-native-reanimated:assertMinimalReactNativeVersionTask SKIPPED
> Task :react-native-reanimated:generateCodegenSchemaFromJavaScript UP-TO-DATE
> Task :react-native-reanimated:generateCodegenArtifactsFromSchema UP-TO-DATE
> Task :react-native-reanimated:prepareReanimatedHeadersForPrefabs UP-TO-DATE
> Task :react-native-reanimated:prepareWorkletsHeadersForPrefabs UP-TO-DATE
> Task :react-native-reanimated:preBuild UP-TO-DATE
> Task :react-native-reanimated:preDebugBuild UP-TO-DATE
> Task :react-native-reanimated:writeDebugAarMetadata UP-TO-DATE
> Task :react-native-safe-area-context:generateCodegenSchemaFromJavaScript UP-TO-DATE
> Task :react-native-safe-area-context:generateCodegenArtifactsFromSchema UP-TO-DATE
> Task :react-native-safe-area-context:preBuild UP-TO-DATE
> Task :react-native-safe-area-context:preDebugBuild UP-TO-DATE
> Task :react-native-safe-area-context:writeDebugAarMetadata UP-TO-DATE
> Task :react-native-screens:generateCodegenSchemaFromJavaScript UP-TO-DATE
> Task :react-native-screens:generateCodegenArtifactsFromSchema UP-TO-DATE
> Task :react-native-screens:preBuild UP-TO-DATE
> Task :react-native-screens:preDebugBuild UP-TO-DATE
> Task :react-native-screens:writeDebugAarMetadata UP-TO-DATE
> Task :react-native-webview:generateCodegenSchemaFromJavaScript UP-TO-DATE
> Task :react-native-webview:generateCodegenArtifactsFromSchema UP-TO-DATE
> Task :react-native-webview:preBuild UP-TO-DATE
> Task :react-native-webview:preDebugBuild UP-TO-DATE
> Task :react-native-webview:writeDebugAarMetadata UP-TO-DATE
> Task :app:checkDebugAarMetadata UP-TO-DATE
> Task :app:generateDebugResValues UP-TO-DATE
> Task :expo:generateDebugResValues UP-TO-DATE
> Task :expo:generateDebugResources UP-TO-DATE
> Task :expo:packageDebugResources UP-TO-DATE
> Task :expo-application:generateDebugResValues UP-TO-DATE
> Task :expo-application:generateDebugResources UP-TO-DATE
> Task :expo-application:packageDebugResources UP-TO-DATE
> Task :expo-asset:generateDebugResValues UP-TO-DATE
> Task :expo-asset:generateDebugResources UP-TO-DATE
> Task :expo-asset:packageDebugResources UP-TO-DATE
> Task :expo-av:generateDebugResValues UP-TO-DATE
> Task :expo-av:generateDebugResources UP-TO-DATE
> Task :expo-av:packageDebugResources UP-TO-DATE
> Task :expo-camera:generateDebugResValues UP-TO-DATE
> Task :expo-camera:generateDebugResources UP-TO-DATE
> Task :expo-camera:packageDebugResources UP-TO-DATE
> Task :expo-constants:generateDebugResValues UP-TO-DATE
> Task :expo-constants:generateDebugResources UP-TO-DATE
> Task :expo-constants:packageDebugResources UP-TO-DATE
> Task :expo-device:generateDebugResValues UP-TO-DATE
> Task :expo-device:generateDebugResources UP-TO-DATE
> Task :expo-device:packageDebugResources UP-TO-DATE
> Task :expo-file-system:generateDebugResValues UP-TO-DATE
> Task :expo-file-system:generateDebugResources UP-TO-DATE
> Task :expo-file-system:packageDebugResources UP-TO-DATE
> Task :expo-font:generateDebugResValues UP-TO-DATE
> Task :expo-font:generateDebugResources UP-TO-DATE
> Task :expo-font:packageDebugResources UP-TO-DATE
> Task :expo-image-loader:generateDebugResValues UP-TO-DATE
> Task :expo-image-loader:generateDebugResources UP-TO-DATE
> Task :expo-image-loader:packageDebugResources UP-TO-DATE
> Task :expo-image-manipulator:generateDebugResValues UP-TO-DATE
> Task :expo-image-manipulator:generateDebugResources UP-TO-DATE
> Task :expo-image-manipulator:packageDebugResources UP-TO-DATE
> Task :expo-image-picker:generateDebugResValues UP-TO-DATE
> Task :expo-image-picker:generateDebugResources UP-TO-DATE
> Task :expo-image-picker:packageDebugResources UP-TO-DATE
> Task :expo-keep-awake:generateDebugResValues UP-TO-DATE
> Task :expo-keep-awake:generateDebugResources UP-TO-DATE
> Task :expo-keep-awake:packageDebugResources UP-TO-DATE
> Task :expo-linear-gradient:generateDebugResValues UP-TO-DATE
> Task :expo-linear-gradient:generateDebugResources UP-TO-DATE
> Task :expo-linear-gradient:packageDebugResources UP-TO-DATE
> Task :expo-linking:generateDebugResValues UP-TO-DATE
> Task :expo-linking:generateDebugResources UP-TO-DATE
> Task :expo-linking:packageDebugResources UP-TO-DATE
> Task :expo-media-library:generateDebugResValues UP-TO-DATE
> Task :expo-media-library:generateDebugResources UP-TO-DATE
> Task :expo-media-library:packageDebugResources UP-TO-DATE
> Task :expo-modules-core:generateDebugResValues UP-TO-DATE
> Task :expo-modules-core:generateDebugResources UP-TO-DATE
> Task :expo-modules-core:packageDebugResources UP-TO-DATE
> Task :expo-notifications:generateDebugResValues UP-TO-DATE
> Task :expo-notifications:generateDebugResources UP-TO-DATE
> Task :expo-notifications:packageDebugResources UP-TO-DATE
> Task :expo-print:generateDebugResValues UP-TO-DATE
> Task :expo-print:generateDebugResources UP-TO-DATE
> Task :expo-print:packageDebugResources UP-TO-DATE
> Task :expo-sharing:generateDebugResValues UP-TO-DATE
> Task :expo-sharing:generateDebugResources UP-TO-DATE
> Task :expo-sharing:packageDebugResources UP-TO-DATE
> Task :expo-splash-screen:generateDebugResValues UP-TO-DATE
> Task :expo-splash-screen:generateDebugResources UP-TO-DATE
> Task :expo-splash-screen:packageDebugResources UP-TO-DATE
> Task :expo-system-ui:generateDebugResValues UP-TO-DATE
> Task :expo-system-ui:generateDebugResources UP-TO-DATE
> Task :expo-system-ui:packageDebugResources UP-TO-DATE
> Task :expo-web-browser:generateDebugResValues UP-TO-DATE
> Task :expo-web-browser:generateDebugResources UP-TO-DATE
> Task :expo-web-browser:packageDebugResources UP-TO-DATE
> Task :react-native-async-storage_async-storage:generateDebugResValues UP-TO-DATE
> Task :react-native-async-storage_async-storage:generateDebugResources UP-TO-DATE
> Task :react-native-async-storage_async-storage:packageDebugResources UP-TO-DATE
> Task :react-native-gesture-handler:generateDebugResValues UP-TO-DATE
> Task :react-native-gesture-handler:generateDebugResources UP-TO-DATE
> Task :react-native-gesture-handler:packageDebugResources UP-TO-DATE
> Task :react-native-pdf:generateDebugResValues UP-TO-DATE
> Task :react-native-pdf:generateDebugResources UP-TO-DATE
> Task :react-native-pdf:packageDebugResources UP-TO-DATE
> Task :react-native-reanimated:generateDebugResValues UP-TO-DATE
> Task :react-native-reanimated:generateDebugResources UP-TO-DATE
> Task :react-native-reanimated:packageDebugResources UP-TO-DATE
> Task :react-native-safe-area-context:generateDebugResValues UP-TO-DATE
> Task :react-native-safe-area-context:generateDebugResources UP-TO-DATE
> Task :react-native-safe-area-context:packageDebugResources UP-TO-DATE
> Task :react-native-screens:generateDebugResValues UP-TO-DATE
> Task :react-native-screens:generateDebugResources UP-TO-DATE
> Task :react-native-screens:packageDebugResources UP-TO-DATE
> Task :react-native-webview:generateDebugResValues UP-TO-DATE
> Task :react-native-webview:generateDebugResources UP-TO-DATE
> Task :react-native-webview:packageDebugResources UP-TO-DATE
> Task :app:mapDebugSourceSetPaths UP-TO-DATE
> Task :app:generateDebugResources UP-TO-DATE
> Task :app:mergeDebugResources UP-TO-DATE
> Task :app:packageDebugResources UP-TO-DATE
> Task :app:parseDebugLocalResources UP-TO-DATE
> Task :app:createDebugCompatibleScreenManifests UP-TO-DATE
> Task :app:extractDeepLinksDebug UP-TO-DATE
> Task :expo:extractDeepLinksDebug UP-TO-DATE
> Task :expo:processDebugManifest UP-TO-DATE
> Task :expo-application:extractDeepLinksDebug UP-TO-DATE
> Task :expo-application:processDebugManifest UP-TO-DATE
> Task :expo-asset:extractDeepLinksDebug UP-TO-DATE
> Task :expo-asset:processDebugManifest UP-TO-DATE
> Task :expo-av:extractDeepLinksDebug UP-TO-DATE
> Task :expo-av:processDebugManifest UP-TO-DATE
> Task :expo-camera:extractDeepLinksDebug UP-TO-DATE
> Task :expo-camera:processDebugManifest UP-TO-DATE
> Task :expo-constants:extractDeepLinksDebug UP-TO-DATE
> Task :expo-constants:processDebugManifest UP-TO-DATE
> Task :expo-device:extractDeepLinksDebug UP-TO-DATE
> Task :expo-device:processDebugManifest UP-TO-DATE
> Task :expo-file-system:extractDeepLinksDebug UP-TO-DATE
> Task :expo-file-system:processDebugManifest UP-TO-DATE
> Task :expo-font:extractDeepLinksDebug UP-TO-DATE
> Task :expo-font:processDebugManifest UP-TO-DATE
> Task :expo-image-loader:extractDeepLinksDebug UP-TO-DATE
> Task :expo-image-loader:processDebugManifest UP-TO-DATE
> Task :expo-image-manipulator:extractDeepLinksDebug UP-TO-DATE
> Task :expo-image-manipulator:processDebugManifest UP-TO-DATE
> Task :expo-image-picker:extractDeepLinksDebug UP-TO-DATE
> Task :expo-image-picker:processDebugManifest UP-TO-DATE
> Task :expo-keep-awake:extractDeepLinksDebug UP-TO-DATE
> Task :expo-keep-awake:processDebugManifest UP-TO-DATE
> Task :expo-linear-gradient:extractDeepLinksDebug UP-TO-DATE
> Task :expo-linear-gradient:processDebugManifest UP-TO-DATE
> Task :expo-linking:extractDeepLinksDebug UP-TO-DATE
> Task :expo-linking:processDebugManifest UP-TO-DATE
> Task :expo-media-library:extractDeepLinksDebug UP-TO-DATE
> Task :expo-media-library:processDebugManifest UP-TO-DATE
> Task :expo-modules-core:extractDeepLinksDebug UP-TO-DATE
> Task :expo-modules-core:processDebugManifest UP-TO-DATE
> Task :expo-notifications:extractDeepLinksDebug UP-TO-DATE
> Task :expo-notifications:processDebugManifest UP-TO-DATE
> Task :expo-print:extractDeepLinksDebug UP-TO-DATE
> Task :expo-print:processDebugManifest UP-TO-DATE
> Task :expo-sharing:extractDeepLinksDebug UP-TO-DATE
> Task :expo-sharing:processDebugManifest UP-TO-DATE
> Task :expo-splash-screen:extractDeepLinksDebug UP-TO-DATE
> Task :expo-splash-screen:processDebugManifest UP-TO-DATE
> Task :expo-system-ui:extractDeepLinksDebug UP-TO-DATE
> Task :expo-system-ui:processDebugManifest UP-TO-DATE
> Task :expo-web-browser:extractDeepLinksDebug UP-TO-DATE
> Task :expo-web-browser:processDebugManifest UP-TO-DATE
> Task :react-native-async-storage_async-storage:extractDeepLinksDebug UP-TO-DATE
> Task :react-native-async-storage_async-storage:processDebugManifest UP-TO-DATE
> Task :react-native-gesture-handler:extractDeepLinksDebug UP-TO-DATE
> Task :react-native-gesture-handler:processDebugManifest UP-TO-DATE
> Task :react-native-pdf:extractDeepLinksDebug UP-TO-DATE
> Task :react-native-pdf:processDebugManifest UP-TO-DATE
> Task :react-native-reanimated:extractDeepLinksDebug UP-TO-DATE
> Task :react-native-reanimated:processDebugManifest UP-TO-DATE
> Task :react-native-safe-area-context:extractDeepLinksDebug UP-TO-DATE
> Task :react-native-safe-area-context:processDebugManifest UP-TO-DATE
> Task :react-native-screens:extractDeepLinksDebug UP-TO-DATE
> Task :react-native-screens:processDebugManifest UP-TO-DATE
> Task :react-native-webview:extractDeepLinksDebug UP-TO-DATE
> Task :react-native-webview:processDebugManifest UP-TO-DATE
> Task :app:processDebugMainManifest UP-TO-DATE
> Task :app:processDebugManifest UP-TO-DATE
> Task :app:processDebugManifestForPackage UP-TO-DATE
> Task :expo:compileDebugLibraryResources UP-TO-DATE
> Task :expo:parseDebugLocalResources UP-TO-DATE
> Task :expo:generateDebugRFile UP-TO-DATE
> Task :expo-application:compileDebugLibraryResources UP-TO-DATE
> Task :expo-application:parseDebugLocalResources UP-TO-DATE
> Task :expo-application:generateDebugRFile UP-TO-DATE
> Task :expo-asset:compileDebugLibraryResources UP-TO-DATE
> Task :expo-asset:parseDebugLocalResources UP-TO-DATE
> Task :expo-asset:generateDebugRFile UP-TO-DATE
> Task :expo-av:compileDebugLibraryResources UP-TO-DATE
> Task :expo-av:parseDebugLocalResources UP-TO-DATE
> Task :expo-av:generateDebugRFile UP-TO-DATE
> Task :expo-camera:compileDebugLibraryResources UP-TO-DATE
> Task :expo-camera:parseDebugLocalResources UP-TO-DATE
> Task :expo-camera:generateDebugRFile UP-TO-DATE
> Task :expo-constants:compileDebugLibraryResources UP-TO-DATE
> Task :expo-constants:parseDebugLocalResources UP-TO-DATE
> Task :expo-constants:generateDebugRFile UP-TO-DATE
> Task :expo-device:compileDebugLibraryResources UP-TO-DATE
> Task :expo-device:parseDebugLocalResources UP-TO-DATE
> Task :expo-device:generateDebugRFile UP-TO-DATE
> Task :expo-file-system:compileDebugLibraryResources UP-TO-DATE
> Task :expo-file-system:parseDebugLocalResources UP-TO-DATE
> Task :expo-file-system:generateDebugRFile UP-TO-DATE
> Task :expo-font:compileDebugLibraryResources UP-TO-DATE
> Task :expo-font:parseDebugLocalResources UP-TO-DATE
> Task :expo-font:generateDebugRFile UP-TO-DATE
> Task :expo-image-loader:compileDebugLibraryResources UP-TO-DATE
> Task :expo-image-loader:parseDebugLocalResources UP-TO-DATE
> Task :expo-image-loader:generateDebugRFile UP-TO-DATE
> Task :expo-image-manipulator:compileDebugLibraryResources UP-TO-DATE
> Task :expo-image-manipulator:parseDebugLocalResources UP-TO-DATE
> Task :expo-image-manipulator:generateDebugRFile UP-TO-DATE
> Task :expo-image-picker:compileDebugLibraryResources UP-TO-DATE
> Task :expo-image-picker:parseDebugLocalResources UP-TO-DATE
> Task :expo-image-picker:generateDebugRFile UP-TO-DATE
> Task :expo-keep-awake:compileDebugLibraryResources UP-TO-DATE
> Task :expo-keep-awake:parseDebugLocalResources UP-TO-DATE
> Task :expo-keep-awake:generateDebugRFile UP-TO-DATE
> Task :expo-linear-gradient:compileDebugLibraryResources UP-TO-DATE
> Task :expo-linear-gradient:parseDebugLocalResources UP-TO-DATE
> Task :expo-linear-gradient:generateDebugRFile UP-TO-DATE
> Task :expo-linking:compileDebugLibraryResources UP-TO-DATE
> Task :expo-linking:parseDebugLocalResources UP-TO-DATE
> Task :expo-linking:generateDebugRFile UP-TO-DATE
> Task :expo-media-library:compileDebugLibraryResources UP-TO-DATE
> Task :expo-media-library:parseDebugLocalResources UP-TO-DATE
> Task :expo-media-library:generateDebugRFile UP-TO-DATE
> Task :expo-modules-core:compileDebugLibraryResources UP-TO-DATE
> Task :expo-modules-core:parseDebugLocalResources UP-TO-DATE
> Task :expo-modules-core:generateDebugRFile UP-TO-DATE
> Task :expo-notifications:compileDebugLibraryResources UP-TO-DATE
> Task :expo-notifications:parseDebugLocalResources UP-TO-DATE
> Task :expo-notifications:generateDebugRFile UP-TO-DATE
> Task :expo-print:compileDebugLibraryResources UP-TO-DATE
> Task :expo-print:parseDebugLocalResources UP-TO-DATE
> Task :expo-print:generateDebugRFile UP-TO-DATE
> Task :expo-sharing:compileDebugLibraryResources UP-TO-DATE
> Task :expo-sharing:parseDebugLocalResources UP-TO-DATE
> Task :expo-sharing:generateDebugRFile UP-TO-DATE
> Task :expo-splash-screen:compileDebugLibraryResources UP-TO-DATE
> Task :expo-splash-screen:parseDebugLocalResources UP-TO-DATE
> Task :expo-splash-screen:generateDebugRFile UP-TO-DATE
> Task :expo-system-ui:compileDebugLibraryResources UP-TO-DATE
> Task :expo-system-ui:parseDebugLocalResources UP-TO-DATE
> Task :expo-system-ui:generateDebugRFile UP-TO-DATE
> Task :expo-web-browser:compileDebugLibraryResources UP-TO-DATE
> Task :expo-web-browser:parseDebugLocalResources UP-TO-DATE
> Task :expo-web-browser:generateDebugRFile UP-TO-DATE
> Task :react-native-async-storage_async-storage:compileDebugLibraryResources UP-TO-DATE
> Task :react-native-async-storage_async-storage:parseDebugLocalResources UP-TO-DATE
> Task :react-native-async-storage_async-storage:generateDebugRFile UP-TO-DATE
> Task :react-native-gesture-handler:compileDebugLibraryResources UP-TO-DATE
> Task :react-native-gesture-handler:parseDebugLocalResources UP-TO-DATE
> Task :react-native-gesture-handler:generateDebugRFile UP-TO-DATE
> Task :react-native-pdf:compileDebugLibraryResources UP-TO-DATE
> Task :react-native-pdf:parseDebugLocalResources UP-TO-DATE
> Task :react-native-pdf:generateDebugRFile UP-TO-DATE
> Task :react-native-reanimated:compileDebugLibraryResources UP-TO-DATE
> Task :react-native-reanimated:parseDebugLocalResources UP-TO-DATE
> Task :react-native-reanimated:generateDebugRFile UP-TO-DATE
> Task :react-native-safe-area-context:compileDebugLibraryResources UP-TO-DATE
> Task :react-native-safe-area-context:parseDebugLocalResources UP-TO-DATE
> Task :react-native-safe-area-context:generateDebugRFile UP-TO-DATE
> Task :react-native-screens:compileDebugLibraryResources UP-TO-DATE
> Task :react-native-screens:parseDebugLocalResources UP-TO-DATE
> Task :react-native-screens:generateDebugRFile UP-TO-DATE
> Task :react-native-webview:compileDebugLibraryResources UP-TO-DATE
> Task :react-native-webview:parseDebugLocalResources UP-TO-DATE
> Task :react-native-webview:generateDebugRFile UP-TO-DATE
> Task :app:processDebugResources UP-TO-DATE
> Task :expo:checkKotlinGradlePluginConfigurationErrors
> Task :expo:generateDebugBuildConfig UP-TO-DATE
> Task :expo-application:checkKotlinGradlePluginConfigurationErrors
> Task :expo-application:generateDebugBuildConfig UP-TO-DATE
> Task :expo-modules-core:checkKotlinGradlePluginConfigurationErrors
> Task :expo-modules-core:generateDebugBuildConfig UP-TO-DATE
> Task :expo-modules-core:javaPreCompileDebug UP-TO-DATE
> Task :expo-application:javaPreCompileDebug UP-TO-DATE
> Task :expo-asset:checkKotlinGradlePluginConfigurationErrors
> Task :expo-asset:generateDebugBuildConfig UP-TO-DATE
> Task :expo-asset:javaPreCompileDebug UP-TO-DATE
> Task :expo-av:checkKotlinGradlePluginConfigurationErrors
> Task :expo-av:generateDebugBuildConfig UP-TO-DATE
> Task :expo-av:javaPreCompileDebug UP-TO-DATE
> Task :expo-camera:checkKotlinGradlePluginConfigurationErrors
> Task :expo-camera:generateDebugBuildConfig UP-TO-DATE
> Task :expo-camera:javaPreCompileDebug UP-TO-DATE
> Task :expo-constants:checkKotlinGradlePluginConfigurationErrors
> Task :expo-constants:generateDebugBuildConfig UP-TO-DATE
> Task :expo-constants:javaPreCompileDebug UP-TO-DATE
> Task :expo-device:checkKotlinGradlePluginConfigurationErrors
> Task :expo-device:generateDebugBuildConfig UP-TO-DATE
> Task :expo-device:javaPreCompileDebug UP-TO-DATE
> Task :expo-file-system:checkKotlinGradlePluginConfigurationErrors
> Task :expo-file-system:generateDebugBuildConfig UP-TO-DATE
> Task :expo-file-system:javaPreCompileDebug UP-TO-DATE
> Task :expo-font:checkKotlinGradlePluginConfigurationErrors
> Task :expo-font:generateDebugBuildConfig UP-TO-DATE
> Task :expo-font:javaPreCompileDebug UP-TO-DATE
> Task :expo-image-loader:checkKotlinGradlePluginConfigurationErrors
> Task :expo-image-loader:generateDebugBuildConfig UP-TO-DATE
> Task :expo-image-loader:javaPreCompileDebug UP-TO-DATE
> Task :expo-image-manipulator:checkKotlinGradlePluginConfigurationErrors
> Task :expo-image-manipulator:generateDebugBuildConfig UP-TO-DATE
> Task :expo-image-manipulator:javaPreCompileDebug UP-TO-DATE
> Task :expo-image-picker:checkKotlinGradlePluginConfigurationErrors
> Task :expo-image-picker:generateDebugBuildConfig UP-TO-DATE
> Task :expo-image-picker:javaPreCompileDebug UP-TO-DATE
> Task :expo-keep-awake:checkKotlinGradlePluginConfigurationErrors
> Task :expo-keep-awake:generateDebugBuildConfig UP-TO-DATE
> Task :expo-keep-awake:javaPreCompileDebug UP-TO-DATE
> Task :expo-linear-gradient:checkKotlinGradlePluginConfigurationErrors
> Task :expo-linear-gradient:generateDebugBuildConfig UP-TO-DATE
> Task :expo-linear-gradient:javaPreCompileDebug UP-TO-DATE
> Task :expo-linking:checkKotlinGradlePluginConfigurationErrors
> Task :expo-linking:generateDebugBuildConfig UP-TO-DATE
> Task :expo-linking:javaPreCompileDebug UP-TO-DATE
> Task :expo-media-library:checkKotlinGradlePluginConfigurationErrors
> Task :expo-media-library:generateDebugBuildConfig UP-TO-DATE
> Task :expo-media-library:javaPreCompileDebug UP-TO-DATE
> Task :expo-notifications:checkKotlinGradlePluginConfigurationErrors
> Task :expo-notifications:generateDebugBuildConfig UP-TO-DATE
> Task :expo-notifications:javaPreCompileDebug UP-TO-DATE
> Task :expo-print:checkKotlinGradlePluginConfigurationErrors
> Task :expo-print:generateDebugBuildConfig UP-TO-DATE
> Task :expo-print:javaPreCompileDebug UP-TO-DATE
> Task :expo-sharing:checkKotlinGradlePluginConfigurationErrors
> Task :expo-sharing:generateDebugBuildConfig UP-TO-DATE
> Task :expo-sharing:javaPreCompileDebug UP-TO-DATE
> Task :expo-splash-screen:checkKotlinGradlePluginConfigurationErrors
> Task :expo-splash-screen:generateDebugBuildConfig UP-TO-DATE
> Task :expo-splash-screen:javaPreCompileDebug UP-TO-DATE
> Task :expo-system-ui:checkKotlinGradlePluginConfigurationErrors
> Task :expo-system-ui:generateDebugBuildConfig UP-TO-DATE
> Task :expo-system-ui:javaPreCompileDebug UP-TO-DATE
> Task :expo-web-browser:checkKotlinGradlePluginConfigurationErrors
> Task :expo-web-browser:generateDebugBuildConfig UP-TO-DATE
> Task :expo-web-browser:javaPreCompileDebug UP-TO-DATE
> Task :expo:javaPreCompileDebug UP-TO-DATE
> Task :react-native-async-storage_async-storage:generateDebugBuildConfig UP-TO-DATE
> Task :react-native-async-storage_async-storage:javaPreCompileDebug UP-TO-DATE
> Task :react-native-async-storage_async-storage:compileDebugJavaWithJavac UP-TO-DATE
> Task :react-native-async-storage_async-storage:bundleLibCompileToJarDebug UP-TO-DATE
> Task :react-native-gesture-handler:checkKotlinGradlePluginConfigurationErrors
> Task :react-native-gesture-handler:generateDebugBuildConfig UP-TO-DATE
> Task :react-native-reanimated:generateDebugBuildConfig UP-TO-DATE
> Task :react-native-reanimated:javaPreCompileDebug UP-TO-DATE
> Task :react-native-reanimated:packageNdkLibs NO-SOURCE
> Task :react-native-reanimated:compileDebugJavaWithJavac UP-TO-DATE
> Task :react-native-reanimated:bundleLibCompileToJarDebug UP-TO-DATE
> Task :react-native-gesture-handler:compileDebugKotlin UP-TO-DATE
> Task :react-native-gesture-handler:javaPreCompileDebug UP-TO-DATE
> Task :react-native-gesture-handler:compileDebugJavaWithJavac
> Task :react-native-pdf:generateDebugBuildConfig UP-TO-DATE
> Task :react-native-pdf:javaPreCompileDebug UP-TO-DATE
> Task :react-native-pdf:compileDebugJavaWithJavac UP-TO-DATE
> Task :react-native-pdf:bundleLibCompileToJarDebug UP-TO-DATE
> Task :react-native-safe-area-context:checkKotlinGradlePluginConfigurationErrors
> Task :react-native-safe-area-context:generateDebugBuildConfig UP-TO-DATE
> Task :react-native-safe-area-context:compileDebugKotlin UP-TO-DATE
> Task :react-native-safe-area-context:javaPreCompileDebug UP-TO-DATE
> Task :react-native-safe-area-context:compileDebugJavaWithJavac UP-TO-DATE
> Task :react-native-safe-area-context:bundleLibCompileToJarDebug UP-TO-DATE
> Task :react-native-screens:checkKotlinGradlePluginConfigurationErrors
> Task :react-native-screens:generateDebugBuildConfig UP-TO-DATE
> Task :react-native-screens:compileDebugKotlin UP-TO-DATE
> Task :react-native-screens:javaPreCompileDebug UP-TO-DATE
> Task :react-native-gesture-handler:bundleLibCompileToJarDebug
> Task :react-native-screens:compileDebugJavaWithJavac
> Task :react-native-webview:checkKotlinGradlePluginConfigurationErrors
> Task :react-native-webview:generateDebugBuildConfig UP-TO-DATE
> Task :react-native-webview:compileDebugKotlin UP-TO-DATE
> Task :react-native-webview:javaPreCompileDebug UP-TO-DATE
> Task :react-native-webview:compileDebugJavaWithJavac UP-TO-DATE
> Task :react-native-webview:bundleLibCompileToJarDebug UP-TO-DATE
> Task :app:javaPreCompileDebug UP-TO-DATE
> Task :app:mergeDebugShaders UP-TO-DATE
> Task :app:compileDebugShaders NO-SOURCE
> Task :app:generateDebugAssets UP-TO-DATE
> Task :expo:mergeDebugShaders UP-TO-DATE
> Task :expo:compileDebugShaders NO-SOURCE
> Task :expo:generateDebugAssets UP-TO-DATE
> Task :expo:packageDebugAssets UP-TO-DATE
> Task :expo-application:mergeDebugShaders UP-TO-DATE
> Task :expo-application:compileDebugShaders NO-SOURCE
> Task :expo-application:generateDebugAssets UP-TO-DATE
> Task :expo-application:packageDebugAssets UP-TO-DATE
> Task :expo-asset:mergeDebugShaders UP-TO-DATE
> Task :expo-asset:compileDebugShaders NO-SOURCE
> Task :expo-asset:generateDebugAssets UP-TO-DATE
> Task :expo-asset:packageDebugAssets UP-TO-DATE
> Task :expo-av:mergeDebugShaders UP-TO-DATE
> Task :expo-av:compileDebugShaders NO-SOURCE
> Task :expo-av:generateDebugAssets UP-TO-DATE
> Task :expo-av:packageDebugAssets UP-TO-DATE
> Task :expo-camera:mergeDebugShaders UP-TO-DATE
> Task :expo-camera:compileDebugShaders NO-SOURCE
> Task :expo-camera:generateDebugAssets UP-TO-DATE
> Task :expo-camera:packageDebugAssets UP-TO-DATE
> Task :expo-constants:mergeDebugShaders UP-TO-DATE
> Task :expo-constants:compileDebugShaders NO-SOURCE
> Task :expo-constants:generateDebugAssets UP-TO-DATE
> Task :expo-constants:packageDebugAssets UP-TO-DATE
> Task :expo-device:mergeDebugShaders UP-TO-DATE
> Task :expo-device:compileDebugShaders NO-SOURCE
> Task :expo-device:generateDebugAssets UP-TO-DATE
> Task :expo-device:packageDebugAssets UP-TO-DATE
> Task :expo-file-system:mergeDebugShaders UP-TO-DATE
> Task :expo-file-system:compileDebugShaders NO-SOURCE
> Task :expo-file-system:generateDebugAssets UP-TO-DATE
> Task :expo-file-system:packageDebugAssets UP-TO-DATE
> Task :expo-font:mergeDebugShaders UP-TO-DATE
> Task :expo-font:compileDebugShaders NO-SOURCE
> Task :expo-font:generateDebugAssets UP-TO-DATE
> Task :expo-font:packageDebugAssets UP-TO-DATE
> Task :expo-image-loader:mergeDebugShaders UP-TO-DATE
> Task :expo-image-loader:compileDebugShaders NO-SOURCE
> Task :expo-image-loader:generateDebugAssets UP-TO-DATE
> Task :expo-image-loader:packageDebugAssets UP-TO-DATE
> Task :expo-image-manipulator:mergeDebugShaders UP-TO-DATE
> Task :expo-image-manipulator:compileDebugShaders NO-SOURCE
> Task :expo-image-manipulator:generateDebugAssets UP-TO-DATE
> Task :expo-image-manipulator:packageDebugAssets UP-TO-DATE
> Task :expo-image-picker:mergeDebugShaders UP-TO-DATE
> Task :expo-image-picker:compileDebugShaders NO-SOURCE
> Task :expo-image-picker:generateDebugAssets UP-TO-DATE
> Task :expo-image-picker:packageDebugAssets UP-TO-DATE
> Task :expo-keep-awake:mergeDebugShaders UP-TO-DATE
> Task :expo-keep-awake:compileDebugShaders NO-SOURCE
> Task :expo-keep-awake:generateDebugAssets UP-TO-DATE
> Task :expo-keep-awake:packageDebugAssets UP-TO-DATE
> Task :expo-linear-gradient:mergeDebugShaders UP-TO-DATE
> Task :expo-linear-gradient:compileDebugShaders NO-SOURCE
> Task :expo-linear-gradient:generateDebugAssets UP-TO-DATE
> Task :expo-linear-gradient:packageDebugAssets UP-TO-DATE
> Task :expo-linking:mergeDebugShaders UP-TO-DATE
> Task :expo-linking:compileDebugShaders NO-SOURCE
> Task :expo-linking:generateDebugAssets UP-TO-DATE
> Task :expo-linking:packageDebugAssets UP-TO-DATE
> Task :expo-media-library:mergeDebugShaders UP-TO-DATE
> Task :expo-media-library:compileDebugShaders NO-SOURCE
> Task :expo-media-library:generateDebugAssets UP-TO-DATE
> Task :expo-media-library:packageDebugAssets UP-TO-DATE
> Task :expo-modules-core:mergeDebugShaders UP-TO-DATE
> Task :expo-modules-core:compileDebugShaders NO-SOURCE
> Task :expo-modules-core:generateDebugAssets UP-TO-DATE
> Task :expo-modules-core:packageDebugAssets UP-TO-DATE
> Task :expo-notifications:mergeDebugShaders UP-TO-DATE
> Task :expo-notifications:compileDebugShaders NO-SOURCE
> Task :expo-notifications:generateDebugAssets UP-TO-DATE
> Task :expo-notifications:packageDebugAssets UP-TO-DATE
> Task :expo-print:mergeDebugShaders UP-TO-DATE
> Task :expo-print:compileDebugShaders NO-SOURCE
> Task :expo-print:generateDebugAssets UP-TO-DATE
> Task :expo-print:packageDebugAssets UP-TO-DATE
> Task :expo-sharing:mergeDebugShaders UP-TO-DATE
> Task :expo-sharing:compileDebugShaders NO-SOURCE
> Task :expo-sharing:generateDebugAssets UP-TO-DATE
> Task :expo-sharing:packageDebugAssets UP-TO-DATE
> Task :expo-splash-screen:mergeDebugShaders UP-TO-DATE
> Task :expo-splash-screen:compileDebugShaders NO-SOURCE
> Task :expo-splash-screen:generateDebugAssets UP-TO-DATE
> Task :expo-splash-screen:packageDebugAssets UP-TO-DATE
> Task :expo-system-ui:mergeDebugShaders UP-TO-DATE
> Task :expo-system-ui:compileDebugShaders NO-SOURCE
> Task :expo-system-ui:generateDebugAssets UP-TO-DATE
> Task :expo-system-ui:packageDebugAssets UP-TO-DATE
> Task :expo-web-browser:mergeDebugShaders UP-TO-DATE
> Task :expo-web-browser:compileDebugShaders NO-SOURCE
> Task :expo-web-browser:generateDebugAssets UP-TO-DATE
> Task :expo-web-browser:packageDebugAssets UP-TO-DATE
> Task :react-native-async-storage_async-storage:mergeDebugShaders UP-TO-DATE
> Task :react-native-async-storage_async-storage:compileDebugShaders NO-SOURCE
> Task :react-native-async-storage_async-storage:generateDebugAssets UP-TO-DATE
> Task :react-native-async-storage_async-storage:packageDebugAssets UP-TO-DATE
> Task :react-native-gesture-handler:mergeDebugShaders UP-TO-DATE
> Task :react-native-gesture-handler:compileDebugShaders NO-SOURCE
> Task :react-native-gesture-handler:generateDebugAssets UP-TO-DATE
> Task :react-native-gesture-handler:packageDebugAssets UP-TO-DATE
> Task :react-native-pdf:mergeDebugShaders UP-TO-DATE
> Task :react-native-pdf:compileDebugShaders NO-SOURCE
> Task :react-native-pdf:generateDebugAssets UP-TO-DATE
> Task :react-native-pdf:packageDebugAssets UP-TO-DATE
> Task :react-native-reanimated:mergeDebugShaders UP-TO-DATE
> Task :react-native-reanimated:compileDebugShaders NO-SOURCE
> Task :react-native-reanimated:generateDebugAssets UP-TO-DATE
> Task :react-native-reanimated:packageDebugAssets UP-TO-DATE
> Task :react-native-safe-area-context:mergeDebugShaders UP-TO-DATE
> Task :react-native-safe-area-context:compileDebugShaders NO-SOURCE
> Task :react-native-safe-area-context:generateDebugAssets UP-TO-DATE
> Task :react-native-safe-area-context:packageDebugAssets UP-TO-DATE
> Task :react-native-screens:mergeDebugShaders UP-TO-DATE
> Task :react-native-screens:compileDebugShaders NO-SOURCE
> Task :react-native-screens:generateDebugAssets UP-TO-DATE
> Task :react-native-screens:packageDebugAssets UP-TO-DATE
> Task :react-native-webview:mergeDebugShaders UP-TO-DATE
> Task :react-native-webview:compileDebugShaders NO-SOURCE
> Task :react-native-webview:generateDebugAssets UP-TO-DATE
> Task :react-native-webview:packageDebugAssets UP-TO-DATE
> Task :app:mergeDebugAssets UP-TO-DATE
> Task :app:compressDebugAssets UP-TO-DATE
> Task :react-native-safe-area-context:bundleLibRuntimeToJarDebug UP-TO-DATE
> Task :react-native-webview:bundleLibRuntimeToJarDebug UP-TO-DATE
> Task :react-native-async-storage_async-storage:bundleLibRuntimeToJarDebug UP-TO-DATE
> Task :react-native-pdf:bundleLibRuntimeToJarDebug UP-TO-DATE
> Task :react-native-reanimated:bundleLibRuntimeToJarDebug UP-TO-DATE
> Task :app:desugarDebugFileDependencies UP-TO-DATE
> Task :react-native-async-storage_async-storage:processDebugJavaRes NO-SOURCE
> Task :react-native-gesture-handler:processDebugJavaRes
> Task :react-native-pdf:processDebugJavaRes NO-SOURCE
> Task :react-native-reanimated:processDebugJavaRes NO-SOURCE
> Task :react-native-safe-area-context:processDebugJavaRes UP-TO-DATE
> Task :react-native-screens:bundleLibCompileToJarDebug
> Task :react-native-screens:processDebugJavaRes
> Task :react-native-webview:processDebugJavaRes UP-TO-DATE
> Task :app:checkDebugDuplicateClasses UP-TO-DATE
> Task :react-native-safe-area-context:bundleLibRuntimeToDirDebug UP-TO-DATE
> Task :react-native-webview:bundleLibRuntimeToDirDebug UP-TO-DATE
> Task :react-native-async-storage_async-storage:bundleLibRuntimeToDirDebug UP-TO-DATE
> Task :react-native-gesture-handler:bundleLibRuntimeToJarDebug
> Task :react-native-pdf:bundleLibRuntimeToDirDebug UP-TO-DATE
> Task :react-native-reanimated:bundleLibRuntimeToDirDebug UP-TO-DATE
> Task :react-native-screens:bundleLibRuntimeToJarDebug
> Task :react-native-reanimated:configureCMakeDebug[arm64-v8a]
> Task :react-native-gesture-handler:bundleLibRuntimeToDirDebug
> Task :react-native-screens:bundleLibRuntimeToDirDebug
> Task :app:mergeExtDexDebug
> Task :react-native-reanimated:configureCMakeDebug[armeabi-v7a]
> Task :react-native-reanimated:configureCMakeDebug[x86]
> Task :react-native-reanimated:configureCMakeDebug[x86_64]
> Task :react-native-reanimated:generateJsonModelDebug
> Task :react-native-reanimated:prefabDebugConfigurePackage UP-TO-DATE
> Task :app:configureCMakeDebug[arm64-v8a]
> Task :expo-modules-core:compileDebugKotlin
^C
